Solving knapsack weight capacity 10, with 5 items
-----------------------------------------------------------------------------------

Memoization table, Row 0 completed
Weights-->
                           0       1       2       3       4       5       6       7       8       9      10
-----------------------------------------------------------------------------------
                  {}       0       0       0       0       0       0       0       0       0       0       0
                {1 }      -1      -1      -1      -1      -1      -1      -1      -1      -1      -1      -1
              {1 2 }      -1      -1      -1      -1      -1      -1      -1      -1      -1      -1      -1
            {1 2 3 }      -1      -1      -1      -1      -1      -1      -1      -1      -1      -1      -1
          {1 2 3 4 }      -1      -1      -1      -1      -1      -1      -1      -1      -1      -1      -1
        {1 2 3 4 5 }      -1      -1      -1      -1      -1      -1      -1      -1      -1      -1      -1

Memoization table, Row 1 completed
Weights-->
                           0       1       2       3       4       5       6       7       8       9      10
-----------------------------------------------------------------------------------
                  {}       0       0       0       0       0       0       0       0       0       0       0
                {1 }       0       1       1       1       1       1       1       1       1       1       1
              {1 2 }      -1      -1      -1      -1      -1      -1      -1      -1      -1      -1      -1
            {1 2 3 }      -1      -1      -1      -1      -1      -1      -1      -1      -1      -1      -1
          {1 2 3 4 }      -1      -1      -1      -1      -1      -1      -1      -1      -1      -1      -1
        {1 2 3 4 5 }      -1      -1      -1      -1      -1      -1      -1      -1      -1      -1      -1

Memoization table, Row 2 completed
Weights-->
                           0       1       2       3       4       5       6       7       8       9      10
-----------------------------------------------------------------------------------
                  {}       0       0       0       0       0       0       0       0       0       0       0
                {1 }       0       1       1       1       1       1       1       1       1       1       1
              {1 2 }       0       1       6       7       7       7       7       7       7       7       7
            {1 2 3 }      -1      -1      -1      -1      -1      -1      -1      -1      -1      -1      -1
          {1 2 3 4 }      -1      -1      -1      -1      -1      -1      -1      -1      -1      -1      -1
        {1 2 3 4 5 }      -1      -1      -1      -1      -1      -1      -1      -1      -1      -1      -1

Memoization table, Row 3 completed
Weights-->
                           0       1       2       3       4       5       6       7       8       9      10
-----------------------------------------------------------------------------------
                  {}       0       0       0       0       0       0       0       0       0       0       0
                {1 }       0       1       1       1       1       1       1       1       1       1       1
              {1 2 }       0       1       6       7       7       7       7       7       7       7       7
            {1 2 3 }       0       1       6       7       7      18      19      24      25      25      25
          {1 2 3 4 }      -1      -1      -1      -1      -1      -1      -1      -1      -1      -1      -1
        {1 2 3 4 5 }      -1      -1      -1      -1      -1      -1      -1      -1      -1      -1      -1

Memoization table, Row 4 completed
Weights-->
                           0       1       2       3       4       5       6       7       8       9      10
-----------------------------------------------------------------------------------
                  {}       0       0       0       0       0       0       0       0       0       0       0
                {1 }       0       1       1       1       1       1       1       1       1       1       1
              {1 2 }       0       1       6       7       7       7       7       7       7       7       7
            {1 2 3 }       0       1       6       7       7      18      19      24      25      25      25
          {1 2 3 4 }       0       1       6       7       7      18      22      24      28      29      29
        {1 2 3 4 5 }      -1      -1      -1      -1      -1      -1      -1      -1      -1      -1      -1

Memoization table, Row 5 completed
Weights-->
                           0       1       2       3       4       5       6       7       8       9      10
-----------------------------------------------------------------------------------
                  {}       0       0       0       0       0       0       0       0       0       0       0
                {1 }       0       1       1       1       1       1       1       1       1       1       1
              {1 2 }       0       1       6       7       7       7       7       7       7       7       7
            {1 2 3 }       0       1       6       7       7      18      19      24      25      25      25
          {1 2 3 4 }       0       1       6       7       7      18      22      24      28      29      29
        {1 2 3 4 5 }       0       1       6       7       7      18      22      28      29      34      35

Knapsack Knapsack with weight capacity 10 has an optimal solution 35
_____Knapsack Contains_____
Item 5(Value=28, Weight=7)
Item 2(Value=6, Weight=2)
Item 1(Value=1, Weight=1)
